
There are no discarded input sections

Memory Configuration

Name             Origin             Length             Attributes
ROM              0x00000000         0x00010000         xr
RAM              0x00002000         0x00002000         xrw
*default*        0x00000000         0xffffffff

Linker script and memory map

LOAD /tmp/ccgaO5ab.o
LOAD /tmp/cc21E8S4.o

.irq_vector     0x00000010        0x4
 *(.text.irq)
 .text.irq      0x00000010        0x4 /tmp/ccgaO5ab.o
                0x00000010                default_irq

.text           0x00000080       0x64
 *(.text.start)
 .text.start    0x00000080       0x30 /tmp/ccgaO5ab.o
                0x00000080                _start
 *(.text .text.*)
 .text          0x000000b0        0x0 /tmp/ccgaO5ab.o
 .text          0x000000b0        0x0 /tmp/cc21E8S4.o
 .text.startup  0x000000b0       0x34 /tmp/cc21E8S4.o
                0x000000b0                main
 *(.rodata .rodata.*)

.rela.dyn       0x000000e4        0x0
 .rela.text.start
                0x000000e4        0x0 /tmp/ccgaO5ab.o

.data           0x00002000        0x0 load address 0x000000e4
 *(.sdata .sdata.*)
 *(.data .data.*)
 .data          0x00002000        0x0 /tmp/ccgaO5ab.o
 .data          0x00002000        0x0 /tmp/cc21E8S4.o

.bss            0x00002000        0x0 load address 0x000000e4
                0x00002000                        __bss_start = .
 *(.sbss .sbss.*)
 *(.bss .bss.*)
 .bss           0x00002000        0x0 /tmp/ccgaO5ab.o
 .bss           0x00002000        0x0 /tmp/cc21E8S4.o
 *(COMMON)
                0x00002000                        __bss_end = .
                0x00004000                        __stack_top = (ORIGIN (RAM) + LENGTH (RAM))
OUTPUT(/work/firmware/build_scaled/smoke/uart_command_bug/failing.elf elf32-littleriscv)

.riscv.attributes
                0x00000000       0x1c
 .riscv.attributes
                0x00000000       0x1a /tmp/ccgaO5ab.o
 .riscv.attributes
                0x0000001a       0x1c /tmp/cc21E8S4.o

.comment        0x00000000       0x22
 .comment       0x00000000       0x22 /tmp/cc21E8S4.o
                                 0x23 (size before relaxing)
